---
source: tests/cli.rs
expression: "&mine"
---
stdout: "Hello, World!\n"
status: 0
