---
source: tests/cli.rs
expression: "&mine"
---
stdout: ""
status: 1
