---
source: tests/cli.rs
assertion_line: 55
expression: exit_code
---
2
