---
source: tests/cli.rs
expression: exit_code
---
10
