---
source: tests/cli.rs
expression: "&mine"
---
stdout: "hello\n"
status: 0
