---
source: tests/cli.rs
assertion_line: 84
expression: "&mine"
---
stdout: ""
status: 97
