---
source: tests/cli.rs
expression: "&mine"
---
stdout: "helloworld\n"
status: 104
